{
  "pre_l1": {
    "name": "Pre-L1 Logic (Baseline)",
    "total_pairs": 65,
    "tp": 34,
    "fp": 5,
    "fn": 3,
    "tn": 23,
    "precision": 0.8718,
    "recall": 0.9189,
    "f1": 0.8947,
    "failed_cases": [
      {
        "id": "evi-13-delhi-lajpat-supporting",
        "type": "FALSE_NEGATIVE",
        "got": "IRRELEVANT",
        "score": 0.0
      },
      {
        "id": "evi-14-delhi-flood-news-supporting",
        "type": "FALSE_NEGATIVE",
        "got": "IRRELEVANT",
        "score": 0.0
      },
      {
        "id": "evi-44-neg-social-amritsar-vs-pune",
        "type": "FALSE_POSITIVE",
        "got": "RELATED",
        "score": 0.5521
      },
      {
        "id": "evi-46-neg-same-cat-far-away-agra-vs-chennai",
        "type": "FALSE_POSITIVE",
        "got": "RELATED",
        "score": 0.5664
      },
      {
        "id": "evi-47-neg-same-cat-far-away-odisha-vs-mumbai",
        "type": "FALSE_POSITIVE",
        "got": "RELATED",
        "score": 0.4817
      },
      {
        "id": "evi-48-neg-same-cat-far-away-assam-vs-bengaluru",
        "type": "FALSE_POSITIVE",
        "got": "RELATED",
        "score": 0.5258
      },
      {
        "id": "evi-49-neg-same-cat-far-away-gujarat-vs-kerala",
        "type": "FALSE_POSITIVE",
        "got": "RELATED",
        "score": 0.4827
      },
      {
        "id": "evi-59-pos-same-state-text-match-tamilnadu",
        "type": "FALSE_NEGATIVE",
        "got": "IRRELEVANT",
        "score": 0.4338
      }
    ]
  },
  "new_l1": {
    "name": "New L1/L2 Logic",
    "total_pairs": 65,
    "tp": 37,
    "fp": 0,
    "fn": 0,
    "tn": 28,
    "precision": 1.0,
    "recall": 1.0,
    "f1": 1.0,
    "failed_cases": []
  }
}
