.                                                                        [100%]
=============================== warnings summary ===============================
tests/test_admin_endpoints.py::TestAdminEndpoints::test_bulk_verify_atomic_and_audit_rows
  /Users/akshatjain/Documents/SIH/back-end/.venv/lib/python3.14/site-packages/pytest_asyncio/plugin.py:1216: DeprecationWarning: 'asyncio.get_event_loop_policy' is deprecated and slated for removal in Python 3.16
    return asyncio.get_event_loop_policy()

tests/test_admin_endpoints.py::TestAdminEndpoints::test_bulk_verify_atomic_and_audit_rows
tests/test_admin_endpoints.py::TestAdminEndpoints::test_bulk_verify_atomic_and_audit_rows
  /Users/akshatjain/Documents/SIH/back-end/.venv/lib/python3.14/site-packages/pytest_asyncio/plugin.py:772: DeprecationWarning: 'asyncio.get_event_loop_policy' is deprecated and slated for removal in Python 3.16
    old_loop_policy = asyncio.get_event_loop_policy()

tests/test_admin_endpoints.py::TestAdminEndpoints::test_bulk_verify_atomic_and_audit_rows
tests/test_admin_endpoints.py::TestAdminEndpoints::test_bulk_verify_atomic_and_audit_rows
  /Users/akshatjain/Documents/SIH/back-end/.venv/lib/python3.14/site-packages/pytest_asyncio/plugin.py:777: DeprecationWarning: 'asyncio.set_event_loop_policy' is deprecated and slated for removal in Python 3.16
    asyncio.set_event_loop_policy(policy)

tests/test_admin_endpoints.py::TestAdminEndpoints::test_bulk_verify_atomic_and_audit_rows
tests/test_admin_endpoints.py::TestAdminEndpoints::test_bulk_verify_atomic_and_audit_rows
  /Users/akshatjain/Documents/SIH/back-end/.venv/lib/python3.14/site-packages/pytest_asyncio/plugin.py:1183: DeprecationWarning: 'asyncio.get_event_loop_policy' is deprecated and slated for removal in Python 3.16
    loop = asyncio.get_event_loop_policy().new_event_loop()

tests/test_admin_endpoints.py::TestAdminEndpoints::test_bulk_verify_atomic_and_audit_rows
  /Users/akshatjain/Documents/SIH/back-end/.venv/lib/python3.14/site-packages/pytest_asyncio/plugin.py:874: DeprecationWarning: 'asyncio.get_event_loop_policy' is deprecated and slated for removal in Python 3.16
    _restore_event_loop_policy(asyncio.get_event_loop_policy()),

tests/test_admin_endpoints.py::TestAdminEndpoints::test_bulk_verify_atomic_and_audit_rows
  /Users/akshatjain/Documents/SIH/back-end/.venv/lib/python3.14/site-packages/pytest_asyncio/plugin.py:889: DeprecationWarning: 'asyncio.get_event_loop_policy' is deprecated and slated for removal in Python 3.16
    policy = asyncio.get_event_loop_policy()

tests/test_admin_endpoints.py::TestAdminEndpoints::test_bulk_verify_atomic_and_audit_rows
tests/test_admin_endpoints.py::TestAdminEndpoints::test_bulk_verify_atomic_and_audit_rows
  /Users/akshatjain/Documents/SIH/back-end/.venv/lib/python3.14/site-packages/fastapi/routing.py:144: FastAPIDeprecationWarning: ORJSONResponse is deprecated, FastAPI now serializes data directly to JSON bytes via Pydantic when a return type or response model is set, which is faster and doesn't need a custom response class. Read more in the FastAPI docs: https://fastapi.tiangolo.com/advanced/custom-response/#orjson-or-response-model and https://fastapi.tiangolo.com/tutorial/response-model/
    response = await f(request)

tests/test_admin_endpoints.py::TestAdminEndpoints::test_bulk_verify_atomic_and_audit_rows
tests/test_admin_endpoints.py::TestAdminEndpoints::test_bulk_verify_atomic_and_audit_rows
  /Users/akshatjain/Documents/SIH/back-end/.venv/lib/python3.14/site-packages/pytest_asyncio/plugin.py:794: DeprecationWarning: 'asyncio.set_event_loop_policy' is deprecated and slated for removal in Python 3.16
    asyncio.set_event_loop_policy(old_loop_policy)

tests/test_admin_endpoints.py::TestAdminEndpoints::test_bulk_verify_atomic_and_audit_rows
  /Users/akshatjain/Documents/SIH/back-end/.venv/lib/python3.14/site-packages/pytest_asyncio/plugin.py:942: DeprecationWarning: 'asyncio.get_event_loop_policy' is deprecated and slated for removal in Python 3.16
    policy = asyncio.get_event_loop_policy()

tests/test_admin_endpoints.py::TestAdminEndpoints::test_bulk_verify_atomic_and_audit_rows
  /Users/akshatjain/Documents/SIH/back-end/.venv/lib/python3.14/site-packages/pytest_asyncio/plugin.py:966: DeprecationWarning: 'asyncio.set_event_loop_policy' is deprecated and slated for removal in Python 3.16
    asyncio.set_event_loop_policy(previous_policy)

tests/test_admin_endpoints.py::TestAdminEndpoints::test_bulk_verify_atomic_and_audit_rows
  /Users/akshatjain/Documents/SIH/back-end/.venv/lib/python3.14/site-packages/pytest_asyncio/plugin.py:978: DeprecationWarning: 'asyncio.get_event_loop_policy' is deprecated and slated for removal in Python 3.16
    policy = asyncio.get_event_loop_policy()

-- Docs: https://docs.pytest.org/en/stable/how-to/capture-warnings.html
1 passed, 16 warnings in 1.64s
