I001 [*] Import block is un-sorted or un-formatted
  --> alembic/versions/20260930_0016_add_evidence_is_test_fixture.py:8:1
   |
 6 |   """
 7 |
 8 | / from alembic import op
 9 | | import sqlalchemy as sa
   | |_______________________^
10 |
11 |   revision = "0016_evidence_test_fixture"
   |
help: Organize imports
   |
7  |
   - from alembic import op
8  | import sqlalchemy as sa
9  |
10 + from alembic import op
11 +
12 | revision = "0016_evidence_test_fixture"
   |

I001 [*] Import block is un-sorted or un-formatted
  --> tests/test_r4_classification_regression.py:5:1
   |
 3 |   """
 4 |
 5 | / import uuid
 6 | | import pytest
 7 | |
 8 | | from app.ingestion.normalizer import EventNormalizer
 9 | | from app.intelligence.category_rules import classify_text_category
10 | | from app.intelligence.credibility_scorer import CredibilityScorer
11 | | from app.intelligence.schemas import ContradictionInput, IncidentCredibilityInputs, SourceFamily
   | |________________________________________________________________________________________________^
12 |
13 |   POSTS = [
   |
help: Organize imports
  |
5 | import uuid
6 +
7 | import pytest
  |

F401 [*] `pytest` imported but unused
 --> tests/test_r4_classification_regression.py:6:8
  |
5 | import uuid
6 | import pytest
  |        ^^^^^^
7 |
8 | from app.ingestion.normalizer import EventNormalizer
  |
help: Remove unused import: `pytest`
  |
5 | import uuid
  - import pytest
6 |
  |

Found 3 errors.
[*] 3 fixable with the `--fix` option.
