Candidate query for evidence c091ab47-fe21-527a-bbe0-d35957c3b8f4 truncated at cap 50
Candidate query for evidence 16b0ea5e-6247-5e66-970e-a763ee263a03 truncated at cap 50
Candidate query for evidence 8b644aa9-e37b-56ac-b51d-828f2457b34e truncated at cap 50
Candidate query for evidence 8ae97082-6764-51d7-b3ce-4331e591b242 truncated at cap 50
Candidate query for evidence d2265991-16e6-54dd-a0d0-fceb1b90f802 truncated at cap 50
Candidate query for evidence a6982e47-07bb-599a-b9fa-8e7cd2f2d0c2 truncated at cap 50
Candidate query for evidence 48eb5d70-320d-5506-8f52-01f4286b9302 truncated at cap 50
Candidate query for evidence cc243f74-b755-5ed5-b922-a21f0665fc13 truncated at cap 50
Candidate query for evidence 5367033d-f14f-53e2-a1a9-4b685abb9fa8 truncated at cap 50
Candidate query for evidence 46badc0b-f24f-5720-aed3-3498531bd87a truncated at cap 50
Candidate query for evidence 3f4e9ed7-ad14-584b-af9e-05104cd4f91d truncated at cap 50
Candidate query for evidence 4a766139-a366-55b4-b312-8fb533c0d30a truncated at cap 50
Candidate query for evidence 88e95893-e298-5663-8e97-c3550a2e59dc truncated at cap 50
Candidate query for evidence 450597e8-7525-5e91-a95e-4b3292e06eb5 truncated at cap 50
Candidate query for evidence 399e45c3-6806-5169-8f39-358d649c0396 truncated at cap 50
Candidate query for evidence 12c1f722-4ebe-514d-a809-34be42c425b9 truncated at cap 50
Candidate query for evidence 6a53c96e-11ec-5d18-916e-cc9aac12f27f truncated at cap 50
Candidate query for evidence 7950476d-3084-5809-817f-8da147126c9f truncated at cap 50
Candidate query for evidence 8c71ef42-df92-5eed-bfb8-24675476bb1d truncated at cap 50
Candidate query for evidence 50571c2d-eff6-5703-a8e0-661891167008 truncated at cap 50
Candidate query for evidence b133ac45-307e-59f1-a586-00ea1e0663a1 truncated at cap 50
Candidate query for evidence f27cb2df-90ce-51ab-91df-b73e487873cd truncated at cap 50
Candidate query for evidence 79cb05b5-f7c1-511d-b276-5ef8fa9c00d3 truncated at cap 50
Candidate query for evidence c1202b55-5586-570e-9cde-4d08c9156094 truncated at cap 50
Candidate query for evidence 542126af-27ca-5681-84ad-9e0c5da1cb44 truncated at cap 50
Candidate query for evidence d3c941ae-997a-5808-97cb-a9062d2deac7 truncated at cap 50
Candidate query for evidence 3aa9d946-c078-5276-94a9-a75e299ae9ee truncated at cap 50
Candidate query for evidence 4e1739a9-1e2b-56d8-9403-19dd24d04c53 truncated at cap 50
Candidate query for evidence 17d3b554-1451-5bf5-90e3-6944112930d3 truncated at cap 50
Candidate query for evidence d9fbabf9-fa0c-5018-b26a-0aace2907003 truncated at cap 50
Candidate query for evidence 0040b809-9ff1-5153-ab54-235bf2f1849c truncated at cap 50
Candidate query for evidence a1d89f67-7eae-5e25-9004-4d0d7754e41d truncated at cap 50
Candidate query for evidence 26f96e30-71f7-5d00-a6e3-65c11747378a truncated at cap 50
Candidate query for evidence 3d23d2e4-9b97-58d7-ad57-fec32592c06e truncated at cap 50
Candidate query for evidence 948e13ab-c18a-53b5-b92c-7faeb576bfc0 truncated at cap 50
Candidate query for evidence a75c6d21-d5ce-5694-bf27-31dc51241379 truncated at cap 50
Candidate query for evidence c81583f4-e005-511f-b5f8-ab785320d28d truncated at cap 50
Candidate query for evidence af46db04-bd59-523e-beac-96f6e4d8f7e6 truncated at cap 50
Candidate query for evidence 4d1740a9-85ff-5fc3-9e70-e38911cb083c truncated at cap 50
Candidate query for evidence 95da0e95-975b-5aa8-ae6e-2c399f24f50f truncated at cap 50
Candidate query for evidence 983f1eec-c809-5250-ad55-d30c3131c6e7 truncated at cap 50
Candidate query for evidence 9643c8c4-6ada-5b05-82e1-c3583cee37e8 truncated at cap 50
Candidate query for evidence f8ca13bf-15b2-5344-801a-dcd046b82f86 truncated at cap 50
Candidate query for evidence a66f3cc0-b0d1-5309-8bb2-a7419ace7e8d truncated at cap 50
Candidate query for evidence 362f1e29-abeb-52e5-95b0-d187f37d2ecb truncated at cap 50
Candidate query for evidence 3a48f6b3-31fc-5362-a5dc-e603d48af4c2 truncated at cap 50
Candidate query for evidence fa5d53ae-b8a9-50c8-a8af-0bfb906312e9 truncated at cap 50
Candidate query for evidence 4b8ce565-5bee-5a6b-9b13-7d4a199a08df truncated at cap 50
Candidate query for evidence 19f5a67d-6521-58be-80c5-2540714ceee1 truncated at cap 50
Candidate query for evidence 32baa4a2-8a4c-51fe-a301-d63b7dd62afc truncated at cap 50
Candidate query for evidence 3fe7ffb3-fd90-518a-a9da-5093e3ac9893 truncated at cap 50
Candidate query for evidence 3484ce1d-80ba-551e-98a4-69145ad8797e truncated at cap 50
Candidate query for evidence 1223637c-c681-5cb4-8ea3-56b9671bfcfd truncated at cap 50
Candidate query for evidence 14f5cb4c-fdd4-5786-b337-aa4fe77b417a truncated at cap 50
Candidate query for evidence 95020f6f-8f9b-56be-8bd6-209a7e2c83a7 truncated at cap 50
Candidate query for evidence f2d4cde4-22a2-50eb-8ecd-1d2696d5d51d truncated at cap 50
Candidate query for evidence ca4881f5-4ec7-5828-871f-e05719c25240 truncated at cap 50
Candidate query for evidence a5841491-5469-572c-97f4-8477055d5bb2 truncated at cap 50
Candidate query for evidence 77a84b92-f2f4-5f50-b0ad-35e7228317d5 truncated at cap 50
Candidate query for evidence 392e8021-bd2e-56ee-b99a-6b2454d182a7 truncated at cap 50
Candidate query for evidence 04b1b139-8160-544e-a0ab-ff338efe591a truncated at cap 50
Candidate query for evidence 06e12555-12b3-5312-a01c-41d511c9cba1 truncated at cap 50
Candidate query for evidence 68138262-4c76-52d0-846e-6527137d3a2f truncated at cap 50
Candidate query for evidence f2e563c2-ee62-5a80-9878-f42c0f675083 truncated at cap 50
Candidate query for evidence 898ac370-7134-5468-bc60-99d8fecb5b45 truncated at cap 50
Candidate query for evidence 2e589a9a-03ee-5008-a25f-e31e7e6838b4 truncated at cap 50
Candidate query for evidence 14112ed8-82e8-55ca-86ea-6050ea8b29ac truncated at cap 50
Candidate query for evidence de9afc3d-ba4c-503c-8e4b-f451676193ed truncated at cap 50
Candidate query for evidence e480718e-a310-506e-9546-1ed8fcc4298f truncated at cap 50
Candidate query for evidence 43d8caec-87fa-513f-9b52-f49603a75eb6 truncated at cap 50
Candidate query for evidence 1959a7bd-0a94-52d1-a7d9-866696c40448 truncated at cap 50
Candidate query for evidence 4333e755-3d99-5567-a518-5cf74172a1a5 truncated at cap 50
Candidate query for evidence 43492414-328a-507f-aab6-1cb0fbbdea30 truncated at cap 50
Candidate query for evidence 0b90116c-9331-5211-8e35-b48c71cbb263 truncated at cap 50
Candidate query for evidence 9867d2bc-a7df-5ba7-baf7-00d6bf25e967 truncated at cap 50
Candidate query for evidence 82415d0c-f0ce-543e-981d-685a103756a8 truncated at cap 50
Candidate query for evidence 33a5bddf-7a2d-5185-82d6-31f5adc83152 truncated at cap 50
Candidate query for evidence 9c5e626d-2186-59ca-bb5e-b0a29eec01df truncated at cap 50
Candidate query for evidence 36696651-053e-53d5-a4d1-2c3da973c69f truncated at cap 50
Candidate query for evidence a51e20e0-651c-5253-a3f3-bd8b0d1a0c6f truncated at cap 50
Candidate query for evidence f532f1d8-a3d4-50a0-b4fa-375c76aa4ea2 truncated at cap 50
Candidate query for evidence 9bf87f96-6327-5d12-a978-c3002735445d truncated at cap 50
Candidate query for evidence f37cbc11-ca51-59c1-b016-bf8682692b04 truncated at cap 50
Candidate query for evidence ecdb5616-65d9-587f-8e1c-f64d1d101c82 truncated at cap 50
Candidate query for evidence 7d7f61e9-ce10-5356-b854-dbcde35b5809 truncated at cap 50
Candidate query for evidence 6b0c867b-e750-57a8-ab81-4495cdb1fcc7 truncated at cap 50
Candidate query for evidence b2b70f63-1724-5309-bd04-237d6b536d5e truncated at cap 50
Candidate query for evidence 6cb52c52-038f-5402-a56a-0b9080c69c64 truncated at cap 50
Candidate query for evidence 3b06796c-8793-50c7-ae3d-ea8d6a53ba4c truncated at cap 50
Candidate query for evidence 972a3ee6-f73f-5f10-b5de-71e59fbde27c truncated at cap 50
Candidate query for evidence cbdc331b-be5e-55b6-91ce-50de8570da1b truncated at cap 50
Candidate query for evidence 222b6aed-6d94-552f-be2d-c58bf788fc55 truncated at cap 50
Candidate query for evidence b5132b00-3b55-5d31-b9e5-a93a7295e16e truncated at cap 50
Candidate query for evidence 907e6df1-b3c1-59f1-94bb-9ecdccbaf205 truncated at cap 50
Candidate query for evidence 6092fa53-bfbe-5070-b251-e5b962c4b0ce truncated at cap 50
Candidate query for evidence 78c60772-7c42-5702-9cd2-1672add16a02 truncated at cap 50
Candidate query for evidence e2939c25-fca5-55d0-82fd-ba7ce16b36da truncated at cap 50
Candidate query for evidence cbde4474-2d99-54ab-9ce0-d515aafbc5b0 truncated at cap 50
Candidate query for evidence f0f3d70f-0b49-50f5-969d-588a1b4fa07e truncated at cap 50
Candidate query for evidence 63359970-2bd7-5d2e-b33d-843125ffc342 truncated at cap 50
Candidate query for evidence cf6bc7bf-6344-5c31-8287-e52caaff00db truncated at cap 50
Candidate query for evidence 32ef5a09-cc5a-5a65-93dd-8dbb5a0bb52a truncated at cap 50
Candidate query for evidence f10fde66-a187-50bf-b4a4-b69050e7ba7b truncated at cap 50
Candidate query for evidence a77d1b2f-136b-55c0-b2e9-ee139fc25601 truncated at cap 50
Candidate query for evidence 3a747926-0991-5a72-a572-193bea7170ad truncated at cap 50
Candidate query for evidence 9169504f-1d94-5ff3-937b-179c95474b22 truncated at cap 50
Candidate query for evidence ccb13051-7232-53e3-86fd-305297d0ed9d truncated at cap 50
Candidate query for evidence 32593934-99c1-5351-a3af-68ed5a7b151f truncated at cap 50
Candidate query for evidence 3a5b9697-64dc-5705-a482-ad845bace2a6 truncated at cap 50
Candidate query for evidence 2a55f654-5e27-590c-b3e5-00750a38f1cc truncated at cap 50
Candidate query for evidence 6ea0a13e-6699-5eda-a6c7-6d2b8efb50f6 truncated at cap 50
Candidate query for evidence 9cc7da84-5908-5a44-92ec-780476b9a96c truncated at cap 50
Candidate query for evidence e21e0745-d5e1-5cf9-9dcf-8cfb9ffe5bcd truncated at cap 50
Candidate query for evidence 672243a6-ad70-5577-8fbb-5ae1c8e5d88f truncated at cap 50
Candidate query for evidence e51323bb-a27e-58fd-957f-1778f6704ee3 truncated at cap 50
Candidate query for evidence aa641c27-9b20-5eff-b4c2-3b9b9cf1c64e truncated at cap 50
Candidate query for evidence ecca4da6-7ce3-5d14-ab52-535f4a297a8a truncated at cap 50
Candidate query for evidence e65cc927-26cd-570c-b8f4-9dfc9627837b truncated at cap 50
FEED https://mausam.imd.gov.in/responsive/rssFeed.php | robots=ALLOW | http=404 | entries=0 fetched=0 normalized=0 rejected=0 resolved=0 linked_items=0 linked_pairs=0
FEED https://www.thehindu.com/news/national/feeder/default.rss | robots=ALLOW | http=200 | entries=60 fetched=50 normalized=50 rejected=10 resolved_city_state=14 linked_items=3 linked_pairs=115
FEED https://indianexpress.com/section/india/feed/ | robots=ALLOW | http=200 | entries=200 fetched=50 normalized=50 rejected=150 resolved_city_state=16 linked_items=4 linked_pairs=196
FEED https://timesofindia.indiatimes.com/rssfeeds/-2128936835.cms | robots=ALLOW | http=200 | entries=20 fetched=20 normalized=20 rejected=0 resolved_city_state=3 linked_items=1 linked_pairs=46
FEED https://feeds.feedburner.com/ndtvnews-india-weather | robots=ALLOW | http=404 | entries=0 fetched=0 normalized=0 rejected=0 resolved=0 linked_items=0 linked_pairs=0
TOTAL fetched=120 normalized=120 resolved_city_state=33 linked_items=8 linked_pairs=357
TOP_UNRESOLVED_PLACE_CANDIDATES [('Nepal', 1)]
UNRESOLVED_ARTICLE_TITLES_SAMPLE [('High Court stays Vaze bail; NIA appeal to come up in October', 1), ('BEML Mysuru unveils 60-tonne Electric Dump Truck for mining operations', 1), ('IIHR’s Arka Shakti root stock could help farmers tackle Gummy Stem Blight disease in watermelon', 1), ('TNPDCL asks High Tension electricity consumers to use gen sets at night hours', 1), ('Mamata backs Rahul as PM, Kharge seeks Opposition unity', 1)]
