$ if test -f audit/genuine_controls_r4.jsonl; then wc -l audit/genuine_controls_r4.jsonl; else printf "NOT FOUND: audit/genuine_controls_r4.jsonl
"; fi
NOT FOUND: audit/genuine_controls_r4.jsonl
$ cd back-end && .venv/bin/python - <<PY (score committed hoax and control inputs using CredibilityScorer)
HOAX n=10 mean=0.3512 min=0.2850 max=0.4175
GENUINE_SYNTHETIC n=10 mean=0.4362 min=0.4175 max=0.4550
HOAX_SCORES
0.2850 | CYCLONE_STORM | Mumbai / Marine Drive | Old video: 2017 Florida hurricane reused as Mumbai cyclone
0.2850 | HEAVY_RAINFALL | Dehradun | Old video: 2019 viral clip claimed as Dehradun cloudburst
0.2850 | FLOOD_WATERLOGGING | Chennai | Recycled 2015 Chennai flood clip shared on WhatsApp
0.2850 | FLOOD_WATERLOGGING | Bihar | Archived 2020 Bihar bridge collapse circulated as today
0.2850 | CYCLONE_STORM | Gujarat coast | 2004 Tsunami footage shared as Gujarat storm surge
0.4175 | STRONG_WIND | Bengaluru airport | Oklahoma tornado footage claimed as Bengaluru airport
0.4175 | DUST_STORM | Jaipur | Indonesia volcano ash claimed as Jaipur dust storm
0.4175 | STRONG_WIND | Mumbai / Marine Drive | Chicago winter blizzard claimed as Marine Drive Mumbai
0.4175 | DUST_STORM | Delhi | Phoenix Arizona haboob claimed as Delhi sandstorm
0.4175 | FLOOD_WATERLOGGING | Kolkata subway | NYC subway flood video claimed as Kolkata subway
GENUINE_CONTROL_SCORES
0.4550 | CYCLONE_STORM | Mumbai / Marine Drive | Old video: 2017 Florida hurricane reused as Mumbai cyclone
0.4550 | HEAVY_RAINFALL | Dehradun | Old video: 2019 viral clip claimed as Dehradun cloudburst
0.4550 | FLOOD_WATERLOGGING | Chennai | Recycled 2015 Chennai flood clip shared on WhatsApp
0.4550 | FLOOD_WATERLOGGING | Bihar | Archived 2020 Bihar bridge collapse circulated as today
0.4550 | CYCLONE_STORM | Gujarat coast | 2004 Tsunami footage shared as Gujarat storm surge
0.4175 | STRONG_WIND | Bengaluru airport | Oklahoma tornado footage claimed as Bengaluru airport
0.4175 | DUST_STORM | Jaipur | Indonesia volcano ash claimed as Jaipur dust storm
0.4175 | STRONG_WIND | Mumbai / Marine Drive | Chicago winter blizzard claimed as Marine Drive Mumbai
0.4175 | DUST_STORM | Delhi | Phoenix Arizona haboob claimed as Delhi sandstorm
0.4175 | FLOOD_WATERLOGGING | Kolkata subway | NYC subway flood video claimed as Kolkata subway
HOAX_ABOVE_0.45 []
GENUINE_BELOW_0.45 ['Oklahoma tornado footage claimed as Bengaluru airport', 'Indonesia volcano ash claimed as Jaipur dust storm', 'Chicago winter blizzard claimed as Marine Drive Mumbai', 'Phoenix Arizona haboob claimed as Delhi sandstorm', 'NYC subway flood video claimed as Kolkata subway']
HOAX_COMPONENTS {"applied_cap": 0.65, "crowd_cluster_score": 0.0, "digital_evidence_score": 0.0, "diversity_multiplier": 1.0, "final_credibility_score": 0.285, "incident_baseline": 0.455, "negative_penalty": 0.17, "penalized_score": 0.285, "physical_observation_score": 0.0, "positive_score": 0.455, "report_quality_score": 0.7, "source_prior": 0.5, "support_delta": 0.0, "synthesized_support": 0.0}
GENUINE_COMPONENTS {"applied_cap": 0.65, "crowd_cluster_score": 0.0, "digital_evidence_score": 0.0, "diversity_multiplier": 1.0, "final_credibility_score": 0.455, "incident_baseline": 0.455, "negative_penalty": 0.0, "penalized_score": 0.455, "physical_observation_score": 0.0, "positive_score": 0.455, "report_quality_score": 0.7, "source_prior": 0.5, "support_delta": 0.0, "synthesized_support": 0.0}
SCORER_INPUT_NOTE: The production CredibilityScorer receives source and metadata/corroboration inputs; post text is not an input field.
CONTROL_LABEL_NOTE: 10 controls are agent-authored synthetic examples, not independently verified genuine incidents.
