=== K1-9: DOCUMENTATION SYNCHRONIZATION AND CANONICAL CATEGORY AUDIT ===

1. Canonical Category Enum:
Printed directly from EventCategory table and app/intelligence/category_rules.py:
  1. CYCLONE_STORM (Cyclone & Storm)
  2. DROUGHT (Drought Condition)
  3. DUST_STORM (Dust Storm)
  4. FLOOD_WATERLOGGING (Flooding & Waterlogging)
  5. FOG (Dense Fog)
  6. HAILSTORM (Hailstorm)
  7. HEATWAVE (Heatwave)
  8. HEAVY_RAINFALL (Heavy Rainfall)
  9. LANDSLIDE (Landslide & Mudslip)
  10. OTHER (Other Weather Hazard)
  11. STRONG_WIND (Strong Wind & Gale)
  12. THUNDERSTORM_LIGHTNING (Thunderstorm & Lightning)
  13. URBAN_FLOOD (Urban Inundation)

2. PRD Fix:
Updated docs/PRD.md line 55:
  - Meteorological sensor corroboration against proximate IMD AWS and CWC river gauges. — **NOT IMPLEMENTED** (IMD is mock-only; physical sensor corroboration is planned S1).

3. Status Doc Fix:
Updated docs/PROJECT_STATUS.md:
  - Current HEAD commit: ba4d349 (K1-8: audit DB evidence reconciliation)
  - Backend test baseline: 479 passed, 0 failed (pytest across 55 test files in both random seed 20261001 and normal order)
  - Backend static gates: mypy: 9 issues in 2 files (scripts/seed_demo_data.py, tests/test_live_intelligence_integration.py; 0 in feedback.py); ruff check: 0 errors; ruff format: clean (213 files formatted)
  - Removed all hard-coded /Users/... paths, replaced with repo-relative paths.

4. Progress Doc (docs/PROJECT_PROGRESS.md) Fix:
  - Added Round 9 entries with commits b4a74c9, 7ce9624, ee8e17d, 4c1ad25, 7babb02, fd9632e, 4a52c11, 806c35c, ee0d466, 56c8712, 6c03511, f606088, e63b3ac, 0d398f8, f32b4f0, ba4d349.
  - Set R1, R2, R4 to 🔎.
  - Recorded real holdout numbers: 21/30 (70.0% accuracy; FOG 8/10, DUST_STORM 7/10, STRONG_WIND 6/10; 9 misses listed in audit/logs/K1_2.log).
  - Recorded real hoax vs genuine credibility: 10 genuine posts mean 0.6500 (min/max 0.6500); 10 hoaxes mean 0.4821 (min 0.4215, max 0.5427; 5 old-video <0.45, 5 foreign-location 0.5427 because location contradiction is not yet a credibility signal).
  - Marked G3 metrics and C2 precision table as evaluated on synthetic test fixture rows (10,000 example.com rows with is_test_fixture=true in weather_platform_audit).
  - Replaced CYCLONE_HIGH_WIND with canonical CYCLONE_STORM.
