=== 1. FROZEN FILES DIFF VS ORIGIN/MAIN ===
DIFF STAT:

=== 2. ALEMBIC CHECK ===
INFO  [alembic.runtime.migration] Context impl PostgresqlImpl.
INFO  [alembic.runtime.migration] Will assume transactional DDL.
INFO  [alembic.runtime.plugins] setting up autogenerate plugin alembic.autogenerate.schemas
INFO  [alembic.runtime.plugins] setting up autogenerate plugin alembic.autogenerate.tables
INFO  [alembic.runtime.plugins] setting up autogenerate plugin alembic.autogenerate.types
INFO  [alembic.runtime.plugins] setting up autogenerate plugin alembic.autogenerate.constraints
INFO  [alembic.runtime.plugins] setting up autogenerate plugin alembic.autogenerate.defaults
INFO  [alembic.runtime.plugins] setting up autogenerate plugin alembic.autogenerate.comments
INFO  [alembic.runtime.plugins] setting up autogenerate plugin alembic.autogenerate.checkconstraint_byname
No new upgrade operations detected.

=== 3. MYPY APP TESTS ===
scripts/seed_demo_data.py:82: error: Incompatible types in assignment (expression has type "object", variable has type "SQLCoreOperations[str] | str")  [assignment]
scripts/seed_demo_data.py:83: error: Incompatible types in assignment (expression has type "object", variable has type "SQLCoreOperations[str] | str")  [assignment]
scripts/seed_demo_data.py:198: error: Incompatible types in assignment (expression has type "object", variable has type "Column[int]")  [assignment]
scripts/seed_demo_data.py:199: error: Incompatible types in assignment (expression has type "object", variable has type "Column[int]")  [assignment]
tests/test_live_intelligence_integration.py:543: error: Invalid index type "str" for "dict[StageName, StageStateModel]"; expected type "StageName"  [index]
tests/test_live_intelligence_integration.py:544: error: Invalid index type "str" for "dict[StageName, StageStateModel]"; expected type "StageName"  [index]
tests/test_live_intelligence_integration.py:569: error: Invalid index type "str" for "dict[StageName, StageStateModel]"; expected type "StageName"  [index]
tests/test_live_intelligence_integration.py:570: error: Invalid index type "str" for "dict[StageName, StageStateModel]"; expected type "StageName"  [index]
tests/test_live_intelligence_integration.py:572: error: Invalid index type "str" for "dict[StageName, StageStateModel]"; expected type "StageName"  [index]
tests/test_realtime_sse.py:149: note: By default the bodies of untyped functions are not checked, consider using --check-untyped-defs  [annotation-unchecked]
tests/test_realtime_sse.py:191: note: By default the bodies of untyped functions are not checked, consider using --check-untyped-defs  [annotation-unchecked]
tests/test_realtime_sse.py:220: note: By default the bodies of untyped functions are not checked, consider using --check-untyped-defs  [annotation-unchecked]
tests/test_realtime_sse.py:245: note: By default the bodies of untyped functions are not checked, consider using --check-untyped-defs  [annotation-unchecked]
tests/test_realtime_sse.py:353: note: By default the bodies of untyped functions are not checked, consider using --check-untyped-defs  [annotation-unchecked]
tests/test_realtime_sse.py:406: note: By default the bodies of untyped functions are not checked, consider using --check-untyped-defs  [annotation-unchecked]
tests/test_realtime_sse.py:407: note: By default the bodies of untyped functions are not checked, consider using --check-untyped-defs  [annotation-unchecked]
tests/test_realtime_sse.py:436: note: By default the bodies of untyped functions are not checked, consider using --check-untyped-defs  [annotation-unchecked]
tests/test_realtime_sse.py:477: note: By default the bodies of untyped functions are not checked, consider using --check-untyped-defs  [annotation-unchecked]
Found 9 errors in 2 files (checked 212 source files)

=== 4. RUFF ON CHANGED FILES ===
All checks passed!

=== 5. FRONTEND GATES (TYPECHECK, LINT, VITEST, BUILD) ===

> weather-platform-frontend@0.1.0 typecheck
> tsc --noEmit


> weather-platform-frontend@0.1.0 lint
> eslint . --ext ts,tsx --report-unused-disable-directives --max-warnings 0


> weather-platform-frontend@0.1.0 test
> vitest run


 RUN  v1.6.1 /Users/akshatjain/Documents/SIH/front-end

 ✓ src/tests/analyticsCardsMigration.test.ts  (13 tests) 8ms
 ✓ src/tests/dashboardMigration.test.ts  (19 tests) 19ms
 ✓ src/tests/triageCacheInvalidation.test.ts  (10 tests) 4ms
 ✓ src/tests/incidentIntelligence.test.ts  (40 tests) 6ms
 ✓ src/tests/realtimeIntegration.test.ts  (7 tests) 5ms
 ✓ src/tests/dashboardAnalyticsApi.test.ts  (9 tests) 5ms
 ✓ src/tests/liveMapGeoMigration.test.ts  (3 tests) 5ms
 ✓ src/tests/apiClient.test.ts  (31 tests) 9ms
 ✓ src/tests/realtimeService.test.ts  (17 tests) 22ms
 ✓ src/tests/analyticsMigration.test.ts  (6 tests) 5ms
 ✓ src/tests/dashboardGeoMigration.test.ts  (5 tests) 7ms
 ✓ src/tests/locationWiring.test.ts  (6 tests) 6ms
 ✓ src/tests/demoData.test.ts  (3 tests) 4ms
 ✓ src/tests/realtimeDebounce.test.ts  (3 tests) 6ms
stderr | src/tests/loginRedirect.test.tsx > LoginPage authenticated redirects > redirects an authenticated ADMIN user to /dashboard
⚠️ React Router Future Flag Warning: React Router will begin wrapping state updates in `React.startTransition` in v7. You can use the `v7_startTransition` future flag to opt-in early. For more information, see https://reactrouter.com/v6/upgrading/future#v7_starttransition.
⚠️ React Router Future Flag Warning: Relative route resolution within Splat routes is changing in v7. You can use the `v7_relativeSplatPath` future flag to opt-in early. For more information, see https://reactrouter.com/v6/upgrading/future#v7_relativesplatpath.

 ✓ src/tests/physicalCorroborationCard.test.tsx  (5 tests) 31ms
 ✓ src/tests/loginRedirect.test.tsx  (4 tests) 41ms
stderr | src/tests/authGate.test.tsx > AuthGate root route > renders the login page when unauthenticated
⚠️ React Router Future Flag Warning: React Router will begin wrapping state updates in `React.startTransition` in v7. You can use the `v7_startTransition` future flag to opt-in early. For more information, see https://reactrouter.com/v6/upgrading/future#v7_starttransition.
⚠️ React Router Future Flag Warning: Relative route resolution within Splat routes is changing in v7. You can use the `v7_relativeSplatPath` future flag to opt-in early. For more information, see https://reactrouter.com/v6/upgrading/future#v7_relativesplatpath.

 ✓ src/tests/authGate.test.tsx  (4 tests) 38ms

 Test Files  17 passed (17)
      Tests  185 passed (185)
   Start at  02:47:40
   Duration  1.10s (transform 508ms, setup 1ms, collect 1.39s, tests 221ms, environment 1.42s, prepare 1.02s)


> weather-platform-frontend@0.1.0 build
> tsc && vite build

vite v5.4.21 building for production...
transforming...
✓ 2521 modules transformed.
rendering chunks...
computing gzip size...
dist/index.html                                       0.91 kB │ gzip:   0.49 kB
dist/assets/index-Dk5z81Rc.css                       71.71 kB │ gzip:  16.62 kB
dist/assets/filter-Btw9lPNb.js                        0.33 kB │ gzip:   0.27 kB
dist/assets/arrow-right-DJGVxB6W.js                   0.33 kB │ gzip:   0.27 kB
dist/assets/arrow-left-CeCKcqoZ.js                    0.33 kB │ gzip:   0.27 kB
dist/assets/circle-check-DO4Zxff2.js                  0.34 kB │ gzip:   0.27 kB
dist/assets/clock-B91BleMK.js                         0.35 kB │ gzip:   0.27 kB
dist/assets/info-C_lcuqjS.js                          0.37 kB │ gzip:   0.28 kB
dist/assets/circle-plus-DdfIhK7o.js                   0.37 kB │ gzip:   0.28 kB
dist/assets/circle-x-BhMrTvA8.js                      0.37 kB │ gzip:   0.28 kB
dist/assets/trending-up-BpKU4T6H.js                   0.37 kB │ gzip:   0.29 kB
dist/assets/compass-D0mMYFcP.js                       0.39 kB │ gzip:   0.30 kB
dist/assets/copy-BfHILjX9.js                          0.40 kB │ gzip:   0.31 kB
dist/assets/circle-help-Jhmg3bm-.js                   0.40 kB │ gzip:   0.31 kB
dist/assets/circle-alert-4a0CztZ1.js                  0.42 kB │ gzip:   0.29 kB
dist/assets/external-link-CP6CUd7y.js                 0.42 kB │ gzip:   0.30 kB
dist/assets/triangle-alert-Bh5zLqgo.js                0.43 kB │ gzip:   0.31 kB
dist/assets/file-video-FeopQPHQ.js                    0.44 kB │ gzip:   0.31 kB
dist/assets/refresh-cw-C1E9Smv_.js                    0.49 kB │ gzip:   0.33 kB
dist/assets/shield-alert-Cqq8LD4e.js                  0.52 kB │ gzip:   0.37 kB
dist/assets/layers-bVa0jNX9.js                        0.53 kB │ gzip:   0.34 kB
dist/assets/radio-Cai0ERG-.js                         0.53 kB │ gzip:   0.36 kB
dist/assets/dashboardApi-CEEy_9xT.js                  0.54 kB │ gzip:   0.31 kB
dist/assets/droplets-C1XiNAt1.js                      0.54 kB │ gzip:   0.39 kB
dist/assets/chevron-right-3a4SsFtf.js                 0.55 kB │ gzip:   0.28 kB
dist/assets/routeApi-C0uIPxLY.js                      0.55 kB │ gzip:   0.35 kB
dist/assets/sparkles-pP4O3C79.js                      0.59 kB │ gzip:   0.36 kB
dist/assets/image-off-Cmo29zZV.js                     0.64 kB │ gzip:   0.40 kB
dist/assets/cpu-Cvo-LumT.js                           0.67 kB │ gzip:   0.36 kB
dist/assets/wind-BArc1dOS.js                          0.82 kB │ gzip:   0.40 kB
dist/assets/Footer-CMCstupX.js                        0.94 kB │ gzip:   0.46 kB
dist/assets/adapters-DN7AofmS.js                      1.32 kB │ gzip:   0.56 kB
dist/assets/reportApi-BoP55T15.js                     1.73 kB │ gzip:   0.69 kB
dist/assets/user-check-Bexl1UqQ.js                    1.92 kB │ gzip:   0.67 kB
dist/assets/adminApi-Bb45QsmA.js                      2.05 kB │ gzip:   1.05 kB
dist/assets/MobileBottomNav-Mju3nKko.js               2.22 kB │ gzip:   0.99 kB
dist/assets/ErrorCard-AW-VgmFu.js                     2.93 kB │ gzip:   1.26 kB
dist/assets/incidentApi-B2-iLfQK.js                   3.42 kB │ gzip:   0.82 kB
dist/assets/presentation-DxrS4Vkw.js                  5.40 kB │ gzip:   1.69 kB
dist/assets/MyReportsPage-BVklj_CQ.js                 7.43 kB │ gzip:   2.21 kB
dist/assets/NationalMapPage-CGu_e4eH.js               8.02 kB │ gzip:   2.63 kB
dist/assets/AdminAuditLogPage-CmFxPpYW.js             8.10 kB │ gzip:   2.43 kB
dist/assets/SignupPage-CJ7JyCQQ.js                    8.42 kB │ gzip:   2.23 kB
dist/assets/LoginPage-Bmv9DjhR.js                    11.63 kB │ gzip:   3.27 kB
dist/assets/IncidentListPage-DYWa8_6w.js             15.57 kB │ gzip:   4.48 kB
dist/assets/HomePage-Bow3Q612.js                     20.37 kB │ gzip:   5.09 kB
dist/assets/Navbar-C_Aqg8LW.js                       22.11 kB │ gzip:   5.77 kB
dist/assets/LiveMapPage-DfAfLqkc.js                  22.21 kB │ gzip:   6.65 kB
dist/assets/TrackReportPage-Bi16gaUV.js              26.16 kB │ gzip:   6.60 kB
dist/assets/index-jd9AvZtm.js                        26.37 kB │ gzip:   9.85 kB
dist/assets/IncidentDetailPage-JosxmG3I.js           34.27 kB │ gzip:   7.85 kB
dist/assets/CitizenDashboardPage-DEKgVJQK.js         34.34 kB │ gzip:   9.52 kB
dist/assets/AnalyticsPage-0WH6PP2n.js                34.41 kB │ gzip:   8.46 kB
dist/assets/DashboardPage-CSFz0gcQ.js                39.13 kB │ gzip:   9.95 kB
dist/assets/AdminVerificationQueuePage-CvTa5SIc.js   45.32 kB │ gzip:  10.23 kB
dist/assets/i18n-2n7YG8rS.js                         51.23 kB │ gzip:  16.99 kB
dist/assets/CitizenReportPage-CmwMfm8C.js           111.31 kB │ gzip:  30.44 kB
dist/assets/leaflet-C45BipMn.js                     155.21 kB │ gzip:  45.35 kB
dist/assets/vendor-react-DRIze55x.js                202.02 kB │ gzip:  64.39 kB
dist/assets/recharts-JHQzr8Ab.js                    399.66 kB │ gzip: 108.40 kB
✓ built in 1.88s

=== 6. PYTEST NORMAL ORDER ===
  /Users/akshatjain/Documents/SIH/back-end/.venv/lib/python3.14/site-packages/fastapi/routing.py:352: StarletteDeprecationWarning: 'HTTP_422_UNPROCESSABLE_ENTITY' is deprecated. Use 'HTTP_422_UNPROCESSABLE_CONTENT' instead.
    return await dependant.call(**values)

tests/test_dashboard_analytics_api.py::test_dashboard_summary_api_validation_errors
  /Users/akshatjain/Documents/SIH/back-end/app/api/v1/dashboard.py:137: StarletteDeprecationWarning: 'HTTP_422_UNPROCESSABLE_ENTITY' is deprecated. Use 'HTTP_422_UNPROCESSABLE_CONTENT' instead.
    parsed_bbox = _parse_bbox(bbox)

tests/test_dashboard_analytics_api.py::test_analytics_trends_api_validation_errors
  /Users/akshatjain/Documents/SIH/back-end/app/api/v1/analytics.py:145: StarletteDeprecationWarning: 'HTTP_422_UNPROCESSABLE_ENTITY' is deprecated. Use 'HTTP_422_UNPROCESSABLE_CONTENT' instead.
    parsed_bbox = _parse_bbox(bbox)

tests/test_dashboard_analytics_api.py::test_analytics_regional_api_validation_errors
  /Users/akshatjain/Documents/SIH/back-end/app/api/v1/analytics.py:231: StarletteDeprecationWarning: 'HTTP_422_UNPROCESSABLE_ENTITY' is deprecated. Use 'HTTP_422_UNPROCESSABLE_CONTENT' instead.
    parsed_bbox = _parse_bbox(bbox)

tests/test_demo_fixtures.py: 2 warnings
tests/test_observability_and_drills.py: 77 warnings
tests/test_physical_corroboration_api.py: 1 warning
tests/test_physical_corroboration_logic.py: 30 warnings
tests/test_physical_corroboration_pipeline.py: 10 warnings
  /Users/akshatjain/Documents/SIH/back-end/.venv/lib/python3.14/site-packages/pydantic/main.py:263: DeprecationWarning: datetime.datetime.utcnow() is deprecated and scheduled for removal in a future version. Use timezone-aware objects to represent datetimes in UTC: datetime.datetime.now(datetime.UTC).
    validated_self = self.__pydantic_validator__.validate_python(data, self_instance=self)

-- Docs: https://docs.pytest.org/en/stable/how-to/capture-warnings.html
523 passed, 4919 warnings in 113.79s (0:01:53)

=== 7. PYTEST RANDOM ORDER (SEED 42) ===
tests/test_reports.py::test_list_reports_invalid_bbox
tests/test_reports.py::test_submit_report_invalid_latitude
tests/test_reports.py::test_list_reports_invalid_date_range
tests/test_reports.py::test_submit_report_invalid_longitude
tests/test_reports.py::test_get_report_malformed_id_returns_422
tests/test_dashboard_analytics_api.py::test_dashboard_summary_api_validation_errors
tests/test_dashboard_analytics_api.py::test_analytics_trends_api_validation_errors
tests/test_dashboard_analytics_api.py::test_analytics_regional_api_validation_errors
  /Users/akshatjain/Documents/SIH/back-end/.venv/lib/python3.14/site-packages/fastapi/routing.py:352: StarletteDeprecationWarning: 'HTTP_422_UNPROCESSABLE_ENTITY' is deprecated. Use 'HTTP_422_UNPROCESSABLE_CONTENT' instead.
    return await dependant.call(**values)

tests/test_dashboard_analytics_api.py::test_dashboard_summary_api_validation_errors
  /Users/akshatjain/Documents/SIH/back-end/app/api/v1/dashboard.py:137: StarletteDeprecationWarning: 'HTTP_422_UNPROCESSABLE_ENTITY' is deprecated. Use 'HTTP_422_UNPROCESSABLE_CONTENT' instead.
    parsed_bbox = _parse_bbox(bbox)

tests/test_dashboard_analytics_api.py::test_analytics_trends_api_validation_errors
  /Users/akshatjain/Documents/SIH/back-end/app/api/v1/analytics.py:145: StarletteDeprecationWarning: 'HTTP_422_UNPROCESSABLE_ENTITY' is deprecated. Use 'HTTP_422_UNPROCESSABLE_CONTENT' instead.
    parsed_bbox = _parse_bbox(bbox)

tests/test_dashboard_analytics_api.py::test_analytics_regional_api_validation_errors
  /Users/akshatjain/Documents/SIH/back-end/app/api/v1/analytics.py:231: StarletteDeprecationWarning: 'HTTP_422_UNPROCESSABLE_ENTITY' is deprecated. Use 'HTTP_422_UNPROCESSABLE_CONTENT' instead.
    parsed_bbox = _parse_bbox(bbox)

-- Docs: https://docs.pytest.org/en/stable/how-to/capture-warnings.html
523 passed, 4918 warnings in 108.53s (0:01:48)
