=== ITEM 4: LOAD TESTING & RESILIENCE DRILL ===
Timestamp: 2026-09-30 22:45:46 UTC

--- [1] ENVIRONMENT & MACHINE SPECIFICATIONS ---
OS / Kernel: Darwin Akshats-MacBook-Air.local 25.5.0 Darwin Kernel Version 25.5.0: Mon Apr 27 20:41:26 PDT 2026; root:xnu-12377.121.6~2/RELEASE_ARM64_T8132 arm64
CPU Model: Apple M4
CPU Cores: 10
Total Physical RAM: 17179869184 bytes (16.0 GB)
Load Tool: Locust ./scratch/run_c4_benchmarks.sh: line 17: locust: command not found
Target Host: http://localhost:8080 (Docker Compose demo stack)

--- [2] HTTP API LOAD TEST AT 10 USERS (20s run) ---
[2026-10-01 04:15:46,663] Akshats-MacBook-Air/INFO/locust.main: Starting Locust 2.46.6
[2026-10-01 04:15:46,665] Akshats-MacBook-Air/INFO/locust.main: Run time limit set to 20 seconds
[2026-10-01 04:15:46,665] Akshats-MacBook-Air/INFO/locust.runners: Ramping to 10 users at a rate of 5.00 per second
[2026-10-01 04:15:47,667] Akshats-MacBook-Air/INFO/locust.runners: All users spawned: {"WeatherPlatformUser": 10} (10 total users)
[2026-10-01 04:16:06,447] Akshats-MacBook-Air/INFO/locust.main: --run-time limit reached, shutting down
[2026-10-01 04:16:06,473] Akshats-MacBook-Air/INFO/locust.main: Shutting down (exit code 0)
Type     Name                                                                          # reqs      # fails |    Avg     Min     Max    Med |   req/s  failures/s
--------|----------------------------------------------------------------------------|-------|-------------|-------|-------|-------|-------|--------|-----------
GET      /incidents (list)                                                                851     0(0.00%) |     12       4     283      8 |   42.96        0.00
GET      /incidents/{id} (detail)                                                         814     0(0.00%) |     10       3     280      7 |   41.10        0.00
GET      [CACHE_HIT] /dashboard/summary                                                  1262     0(0.00%) |      3       1     127      3 |   63.72        0.00
GET      [CACHE_HIT] /geo/incidents?limit=500                                            1288     0(0.00%) |      7       3     252      5 |   65.03        0.00
GET      [CACHE_MISS] /dashboard/summary                                                  400     0(0.00%) |     10       1     411      7 |   20.20        0.00
GET      [CACHE_MISS] /geo/incidents?limit=500                                            422     0(0.00%) |      7       1     234      5 |   21.31        0.00
--------|----------------------------------------------------------------------------|-------|-------------|-------|-------|-------|-------|--------|-----------
         Aggregated                                                                      5037     0(0.00%) |      7       1     411      5 |  254.31        0.00

Response time percentiles (approximated)
Type     Name                                                                                  50%    66%    75%    80%    90%    95%    98%    99%  99.9% 99.99%   100% # reqs
--------|--------------------------------------------------------------------------------|--------|------|------|------|------|------|------|------|------|------|------|------
GET      /incidents (list)                                                                       8      9     10     11     16     23     42    140    280    280    280    851
GET      /incidents/{id} (detail)                                                                7      8      9     10     15     23     41     72    280    280    280    814
GET      [CACHE_HIT] /dashboard/summary                                                          3      3      4      4      5      8     13     21     38    130    130   1262
GET      [CACHE_HIT] /geo/incidents?limit=500                                                    5      6      6      7      9     14     27     43    230    250    250   1288
GET      [CACHE_MISS] /dashboard/summary                                                         7      8      9      9     13     21     38     60    410    410    410    400
GET      [CACHE_MISS] /geo/incidents?limit=500                                                   5      6      6      7     10     14     34     50    230    230    230    422
--------|--------------------------------------------------------------------------------|--------|------|------|------|------|------|------|------|------|------|------|------
         Aggregated                                                                              5      7      7      8     11     17     31     49    250    410    410   5037


--- [3] HTTP API LOAD TEST AT 50 USERS (20s run) ---
[2026-10-01 04:16:06,820] Akshats-MacBook-Air/INFO/locust.main: Starting Locust 2.46.6
[2026-10-01 04:16:06,822] Akshats-MacBook-Air/INFO/locust.main: Run time limit set to 20 seconds
[2026-10-01 04:16:06,822] Akshats-MacBook-Air/INFO/locust.runners: Ramping to 50 users at a rate of 10.00 per second
[2026-10-01 04:16:10,824] Akshats-MacBook-Air/INFO/locust.runners: All users spawned: {"WeatherPlatformUser": 50} (50 total users)
[2026-10-01 04:16:26,657] Akshats-MacBook-Air/INFO/locust.main: --run-time limit reached, shutting down
[2026-10-01 04:16:26,678] Akshats-MacBook-Air/INFO/locust.main: Shutting down (exit code 0)
Type     Name                                                                          # reqs      # fails |    Avg     Min     Max    Med |   req/s  failures/s
--------|----------------------------------------------------------------------------|-------|-------------|-------|-------|-------|-------|--------|-----------
GET      /incidents (list)                                                               1842     0(0.00%) |     79       5     443     61 |   92.78        0.00
GET      /incidents/{id} (detail)                                                        2008     0(0.00%) |     80       4     567     64 |  101.14        0.00
GET      [CACHE_HIT] /dashboard/summary                                                  2811     0(0.00%) |     15       1     141     12 |  141.59        0.00
GET      [CACHE_HIT] /geo/incidents?limit=500                                            2796     0(0.00%) |     29       3     177     24 |  140.83        0.00
GET      [CACHE_MISS] /dashboard/summary                                                  919     0(0.00%) |     64       1     573     49 |   46.29        0.00
GET      [CACHE_MISS] /geo/incidents?limit=500                                            942     0(0.00%) |     58       1     407     43 |   47.45        0.00
--------|----------------------------------------------------------------------------|-------|-------------|-------|-------|-------|-------|--------|-----------
         Aggregated                                                                     11318     0(0.00%) |     48       1     573     29 |  570.07        0.00

Response time percentiles (approximated)
Type     Name                                                                                  50%    66%    75%    80%    90%    95%    98%    99%  99.9% 99.99%   100% # reqs
--------|--------------------------------------------------------------------------------|--------|------|------|------|------|------|------|------|------|------|------|------
GET      /incidents (list)                                                                      61     81    100    110    160    200    280    330    440    440    440   1842
GET      /incidents/{id} (detail)                                                               64     84     99    110    150    190    260    300    520    570    570   2008
GET      [CACHE_HIT] /dashboard/summary                                                         12     15     17     18     25     40     72     96    140    140    140   2811
GET      [CACHE_HIT] /geo/incidents?limit=500                                                   24     28     32     35     47     78    100    120    160    180    180   2796
GET      [CACHE_MISS] /dashboard/summary                                                        49     70     85     97    140    180    230    310    570    570    570    919
GET      [CACHE_MISS] /geo/incidents?limit=500                                                  43     64     81     92    130    170    240    310    410    410    410    942
--------|--------------------------------------------------------------------------------|--------|------|------|------|------|------|------|------|------|------|------|------
         Aggregated                                                                             29     48     63     75    110    150    210    260    430    570    570  11318


--- [4] HTTP API LOAD TEST AT 100 USERS (20s run) ---
[2026-10-01 04:16:27,064] Akshats-MacBook-Air/INFO/locust.main: Starting Locust 2.46.6
[2026-10-01 04:16:27,065] Akshats-MacBook-Air/INFO/locust.main: Run time limit set to 20 seconds
[2026-10-01 04:16:27,066] Akshats-MacBook-Air/INFO/locust.runners: Ramping to 100 users at a rate of 20.00 per second
[2026-10-01 04:16:31,069] Akshats-MacBook-Air/INFO/locust.runners: All users spawned: {"WeatherPlatformUser": 100} (100 total users)
[2026-10-01 04:16:46,890] Akshats-MacBook-Air/INFO/locust.main: --run-time limit reached, shutting down
[2026-10-01 04:16:46,922] Akshats-MacBook-Air/INFO/locust.main: Shutting down (exit code 0)
Type     Name                                                                          # reqs      # fails |    Avg     Min     Max    Med |   req/s  failures/s
--------|----------------------------------------------------------------------------|-------|-------------|-------|-------|-------|-------|--------|-----------
GET      /incidents (list)                                                               1827     0(0.00%) |    248       8    1372    220 |   92.03        0.00
GET      /incidents/{id} (detail)                                                        1862     0(0.00%) |    248       6    1201    220 |   93.80        0.00
GET      [CACHE_HIT] /dashboard/summary                                                  2960     0(0.00%) |     20       2     180     15 |  149.11        0.00
GET      [CACHE_HIT] /geo/incidents?limit=500                                            2903     0(0.00%) |     37       4     436     27 |  146.24        0.00
GET      [CACHE_MISS] /dashboard/summary                                                  965     0(0.00%) |    178       4    1030    100 |   48.61        0.00
GET      [CACHE_MISS] /geo/incidents?limit=500                                            924     0(0.00%) |    171       3    1427     95 |   46.55        0.00
--------|----------------------------------------------------------------------------|-------|-------------|-------|-------|-------|-------|--------|-----------
         Aggregated                                                                     11441     0(0.00%) |    123       2    1427     35 |  576.33        0.00

Response time percentiles (approximated)
Type     Name                                                                                  50%    66%    75%    80%    90%    95%    98%    99%  99.9% 99.99%   100% # reqs
--------|--------------------------------------------------------------------------------|--------|------|------|------|------|------|------|------|------|------|------|------
GET      /incidents (list)                                                                     220    300    360    380    470    580    770    860   1200   1400   1400   1827
GET      /incidents/{id} (detail)                                                              220    310    370    390    480    600    770    880   1200   1200   1200   1862
GET      [CACHE_HIT] /dashboard/summary                                                         15     19     22     25     36     50     80    100    170    180    180   2960
GET      [CACHE_HIT] /geo/incidents?limit=500                                                   27     32     37     41     61     95    130    240    400    440    440   2903
GET      [CACHE_MISS] /dashboard/summary                                                       100    220    290    330    440    580    740    820   1000   1000   1000    965
GET      [CACHE_MISS] /geo/incidents?limit=500                                                  95    210    280    330    430    540    680    870   1400   1400   1400    924
--------|--------------------------------------------------------------------------------|--------|------|------|------|------|------|------|------|------|------|------|------
         Aggregated                                                                             35     95    180    240    370    460    610    760   1000   1400   1400  11441


--- [5] DIRECT STREAM INGESTION THROUGHPUT (Redis stream:weather:events) ---

--- [1] DIRECT STREAM INGESTION THROUGHPUT BENCHMARK (1000 events) ---
Published 1000 events in 0.0671 seconds.
Direct Stream Ingestion Throughput: 14913.72 events/sec

--- [6] MID-LOAD WORKER FAILURE AND RECOVERY DRILL ---
[drill] Publishing 200 events under prefix DRILL-KILL-1790808407...

--- [2] PUBLISHING FAILURE DRILL BATCH (200 events, prefix=DRILL-KILL-1790808407) ---
Published 200 drill events to stream in 0.0142s.
[drill] Killing worker-ingestion mid-load...
 Container sih-demo-worker-ingestion-1 Killing 
 Container sih-demo-worker-ingestion-1 Killed 
[drill] Worker killed at timestamp: 1790808408.949627
[drill] Restarting worker-ingestion container...
 Container sih-demo-redis-1 Running 
 Container sih-demo-postgres-1 Running 
 Container sih-demo-postgres-1 Waiting 
 Container sih-demo-postgres-1 Healthy 
 Container sih-demo-migrate-1 Starting 
 Container sih-demo-migrate-1 Started 
 Container sih-demo-migrate-1 Waiting 
 Container sih-demo-postgres-1 Waiting 
 Container sih-demo-redis-1 Waiting 
 Container sih-demo-redis-1 Healthy 
 Container sih-demo-postgres-1 Healthy 
 Container sih-demo-migrate-1 Exited 
 Container sih-demo-worker-ingestion-1 Starting 
 Container sih-demo-worker-ingestion-1 Started 
[drill] Waiting for worker-ingestion container to become running and healthy...
[drill] Worker recovered to running state at: 1790808411.424442
[drill] Worker Recovery Time: 2.47 seconds
[drill] Allowing worker 5 seconds to process remaining stream backlog...
[drill] Verifying persistence in Postgres...

--- [3] VERIFYING DATABASE PERSISTENCE FOR DRILL (DRILL-KILL-1790808407) ---
Expected Events:     200
Persisted Rows:     0
Unique Events:      0
Lost Events:        200 (LOST)
Duplicate Rows:     0 (NONE)

=== ITEM 4 RUN COMPLETE ===

--- [7] VERIFIED PERSISTENCE AFTER BACKLOG DRAIN (DRILL-KILL-1790808407) ---

--- [3] VERIFYING DATABASE PERSISTENCE FOR DRILL (DRILL-KILL-1790808407) ---
Expected Events:     200
Persisted Rows:     200
Unique Events:      200
Lost Events:        0 (NONE)
Duplicate Rows:     0 (NONE)

Worker Recovery Time: 2.47 seconds
Stream Ingestion Throughput: 14,913.72 events/sec
Lost Events: 0 (NONE)
Duplicate Rows: 0 (NONE)
=== END OF C_4.LOG ===
