============================= test session starts ==============================
platform darwin -- Python 3.14.0, pytest-8.4.2, pluggy-1.6.0 -- /Users/akshatjain/Documents/SIH/back-end/.venv/bin/python3.14
cachedir: .pytest_cache
Using --randomly-seed=2197228182
rootdir: /Users/akshatjain/Documents/SIH/back-end
configfile: pyproject.toml
plugins: randomly-5.0.0, cov-4.1.0, anyio-4.14.2, asyncio-0.26.0
asyncio: mode=Mode.AUTO, asyncio_default_fixture_loop_scope=None, asyncio_default_test_loop_scope=function
collecting ... collected 3 items

back-end/tests/test_demo_fixtures.py::test_demo_fixture_pipeline_service_and_api_serialization PASSED [ 33%]
back-end/tests/test_demo_fixtures.py::test_demo_fixture_provider_deterministic_scenarios PASSED [ 66%]
back-end/tests/test_demo_fixtures.py::test_demo_fixture_evaluator_simulated_labeling PASSED [100%]

=============================== warnings summary ===============================
tests/test_demo_fixtures.py::test_demo_fixture_pipeline_service_and_api_serialization
  /Users/akshatjain/Documents/SIH/back-end/.venv/lib/python3.14/site-packages/pytest_asyncio/plugin.py:1216: DeprecationWarning: 'asyncio.get_event_loop_policy' is deprecated and slated for removal in Python 3.16
    return asyncio.get_event_loop_policy()

tests/test_demo_fixtures.py::test_demo_fixture_pipeline_service_and_api_serialization
tests/test_demo_fixtures.py::test_demo_fixture_pipeline_service_and_api_serialization
tests/test_demo_fixtures.py::test_demo_fixture_provider_deterministic_scenarios
tests/test_demo_fixtures.py::test_demo_fixture_evaluator_simulated_labeling
  /Users/akshatjain/Documents/SIH/back-end/.venv/lib/python3.14/site-packages/pytest_asyncio/plugin.py:772: DeprecationWarning: 'asyncio.get_event_loop_policy' is deprecated and slated for removal in Python 3.16
    old_loop_policy = asyncio.get_event_loop_policy()

tests/test_demo_fixtures.py::test_demo_fixture_pipeline_service_and_api_serialization
tests/test_demo_fixtures.py::test_demo_fixture_pipeline_service_and_api_serialization
tests/test_demo_fixtures.py::test_demo_fixture_provider_deterministic_scenarios
tests/test_demo_fixtures.py::test_demo_fixture_evaluator_simulated_labeling
  /Users/akshatjain/Documents/SIH/back-end/.venv/lib/python3.14/site-packages/pytest_asyncio/plugin.py:777: DeprecationWarning: 'asyncio.set_event_loop_policy' is deprecated and slated for removal in Python 3.16
    asyncio.set_event_loop_policy(policy)

tests/test_demo_fixtures.py::test_demo_fixture_pipeline_service_and_api_serialization
tests/test_demo_fixtures.py::test_demo_fixture_pipeline_service_and_api_serialization
tests/test_demo_fixtures.py::test_demo_fixture_provider_deterministic_scenarios
tests/test_demo_fixtures.py::test_demo_fixture_evaluator_simulated_labeling
  /Users/akshatjain/Documents/SIH/back-end/.venv/lib/python3.14/site-packages/pytest_asyncio/plugin.py:1183: DeprecationWarning: 'asyncio.get_event_loop_policy' is deprecated and slated for removal in Python 3.16
    loop = asyncio.get_event_loop_policy().new_event_loop()

tests/test_demo_fixtures.py::test_demo_fixture_pipeline_service_and_api_serialization
tests/test_demo_fixtures.py::test_demo_fixture_provider_deterministic_scenarios
tests/test_demo_fixtures.py::test_demo_fixture_evaluator_simulated_labeling
  /Users/akshatjain/Documents/SIH/back-end/.venv/lib/python3.14/site-packages/pytest_asyncio/plugin.py:874: DeprecationWarning: 'asyncio.get_event_loop_policy' is deprecated and slated for removal in Python 3.16
    _restore_event_loop_policy(asyncio.get_event_loop_policy()),

tests/test_demo_fixtures.py::test_demo_fixture_pipeline_service_and_api_serialization
tests/test_demo_fixtures.py::test_demo_fixture_provider_deterministic_scenarios
tests/test_demo_fixtures.py::test_demo_fixture_evaluator_simulated_labeling
  /Users/akshatjain/Documents/SIH/back-end/.venv/lib/python3.14/site-packages/pytest_asyncio/plugin.py:889: DeprecationWarning: 'asyncio.get_event_loop_policy' is deprecated and slated for removal in Python 3.16
    policy = asyncio.get_event_loop_policy()

tests/test_demo_fixtures.py::test_demo_fixture_pipeline_service_and_api_serialization
tests/test_demo_fixtures.py::test_demo_fixture_evaluator_simulated_labeling
  /Users/akshatjain/Documents/SIH/back-end/.venv/lib/python3.14/site-packages/pydantic/main.py:263: DeprecationWarning: datetime.datetime.utcnow() is deprecated and scheduled for removal in a future version. Use timezone-aware objects to represent datetimes in UTC: datetime.datetime.now(datetime.UTC).
    validated_self = self.__pydantic_validator__.validate_python(data, self_instance=self)

tests/test_demo_fixtures.py::test_demo_fixture_pipeline_service_and_api_serialization
  /Users/akshatjain/Documents/SIH/back-end/.venv/lib/python3.14/site-packages/fastapi/routing.py:144: FastAPIDeprecationWarning: ORJSONResponse is deprecated, FastAPI now serializes data directly to JSON bytes via Pydantic when a return type or response model is set, which is faster and doesn't need a custom response class. Read more in the FastAPI docs: https://fastapi.tiangolo.com/advanced/custom-response/#orjson-or-response-model and https://fastapi.tiangolo.com/tutorial/response-model/
    response = await f(request)

tests/test_demo_fixtures.py::test_demo_fixture_pipeline_service_and_api_serialization
tests/test_demo_fixtures.py::test_demo_fixture_provider_deterministic_scenarios
tests/test_demo_fixtures.py::test_demo_fixture_evaluator_simulated_labeling
tests/test_demo_fixtures.py::test_demo_fixture_evaluator_simulated_labeling
  /Users/akshatjain/Documents/SIH/back-end/.venv/lib/python3.14/site-packages/pytest_asyncio/plugin.py:794: DeprecationWarning: 'asyncio.set_event_loop_policy' is deprecated and slated for removal in Python 3.16
    asyncio.set_event_loop_policy(old_loop_policy)

tests/test_demo_fixtures.py::test_demo_fixture_pipeline_service_and_api_serialization
tests/test_demo_fixtures.py::test_demo_fixture_provider_deterministic_scenarios
tests/test_demo_fixtures.py::test_demo_fixture_evaluator_simulated_labeling
  /Users/akshatjain/Documents/SIH/back-end/.venv/lib/python3.14/site-packages/pytest_asyncio/plugin.py:942: DeprecationWarning: 'asyncio.get_event_loop_policy' is deprecated and slated for removal in Python 3.16
    policy = asyncio.get_event_loop_policy()

tests/test_demo_fixtures.py::test_demo_fixture_pipeline_service_and_api_serialization
tests/test_demo_fixtures.py::test_demo_fixture_provider_deterministic_scenarios
tests/test_demo_fixtures.py::test_demo_fixture_evaluator_simulated_labeling
  /Users/akshatjain/Documents/SIH/back-end/.venv/lib/python3.14/site-packages/pytest_asyncio/plugin.py:966: DeprecationWarning: 'asyncio.set_event_loop_policy' is deprecated and slated for removal in Python 3.16
    asyncio.set_event_loop_policy(previous_policy)

tests/test_demo_fixtures.py::test_demo_fixture_pipeline_service_and_api_serialization
tests/test_demo_fixtures.py::test_demo_fixture_provider_deterministic_scenarios
tests/test_demo_fixtures.py::test_demo_fixture_evaluator_simulated_labeling
  /Users/akshatjain/Documents/SIH/back-end/.venv/lib/python3.14/site-packages/pytest_asyncio/plugin.py:978: DeprecationWarning: 'asyncio.get_event_loop_policy' is deprecated and slated for removal in Python 3.16
    policy = asyncio.get_event_loop_policy()

-- Docs: https://docs.pytest.org/en/stable/how-to/capture-warnings.html
======================== 3 passed, 35 warnings in 1.50s ========================
