=== NPM TYPECHECK ===

> weather-platform-frontend@0.1.0 typecheck
> tsc --noEmit


=== NPM LINT ===

> weather-platform-frontend@0.1.0 lint
> eslint . --ext ts,tsx --report-unused-disable-directives --max-warnings 0


=== VITEST ===

 RUN  v1.6.1 /Users/akshatjain/Documents/SIH/front-end

 ✓ src/tests/physicalCorroborationCard.test.tsx  (5 tests) 31ms

 Test Files  1 passed (1)
      Tests  5 passed (5)
   Start at  01:44:13
   Duration  726ms (transform 30ms, setup 0ms, collect 123ms, tests 31ms, environment 443ms, prepare 49ms)


=== NPM BUILD ===

> weather-platform-frontend@0.1.0 build
> tsc && vite build

vite v5.4.21 building for production...
transforming...
✓ 2521 modules transformed.
rendering chunks...
computing gzip size...
dist/index.html                                       0.91 kB │ gzip:   0.49 kB
dist/assets/index-Dk5z81Rc.css                       71.71 kB │ gzip:  16.62 kB
dist/assets/filter-Btw9lPNb.js                        0.33 kB │ gzip:   0.27 kB
dist/assets/arrow-right-DJGVxB6W.js                   0.33 kB │ gzip:   0.27 kB
dist/assets/arrow-left-CeCKcqoZ.js                    0.33 kB │ gzip:   0.27 kB
dist/assets/circle-check-DO4Zxff2.js                  0.34 kB │ gzip:   0.27 kB
dist/assets/clock-B91BleMK.js                         0.35 kB │ gzip:   0.27 kB
dist/assets/info-C_lcuqjS.js                          0.37 kB │ gzip:   0.28 kB
dist/assets/circle-plus-DdfIhK7o.js                   0.37 kB │ gzip:   0.28 kB
dist/assets/circle-x-BhMrTvA8.js                      0.37 kB │ gzip:   0.28 kB
dist/assets/trending-up-BpKU4T6H.js                   0.37 kB │ gzip:   0.29 kB
dist/assets/compass-D0mMYFcP.js                       0.39 kB │ gzip:   0.30 kB
dist/assets/copy-BfHILjX9.js                          0.40 kB │ gzip:   0.31 kB
dist/assets/circle-help-Jhmg3bm-.js                   0.40 kB │ gzip:   0.31 kB
dist/assets/circle-alert-4a0CztZ1.js                  0.42 kB │ gzip:   0.29 kB
dist/assets/external-link-CP6CUd7y.js                 0.42 kB │ gzip:   0.30 kB
dist/assets/triangle-alert-Bh5zLqgo.js                0.43 kB │ gzip:   0.31 kB
dist/assets/file-video-FeopQPHQ.js                    0.44 kB │ gzip:   0.31 kB
dist/assets/refresh-cw-C1E9Smv_.js                    0.49 kB │ gzip:   0.33 kB
dist/assets/shield-alert-Cqq8LD4e.js                  0.52 kB │ gzip:   0.37 kB
dist/assets/layers-bVa0jNX9.js                        0.53 kB │ gzip:   0.34 kB
dist/assets/radio-Cai0ERG-.js                         0.53 kB │ gzip:   0.36 kB
dist/assets/dashboardApi-CEEy_9xT.js                  0.54 kB │ gzip:   0.31 kB
dist/assets/droplets-C1XiNAt1.js                      0.54 kB │ gzip:   0.39 kB
dist/assets/chevron-right-3a4SsFtf.js                 0.55 kB │ gzip:   0.28 kB
dist/assets/routeApi-C0uIPxLY.js                      0.55 kB │ gzip:   0.35 kB
dist/assets/sparkles-pP4O3C79.js                      0.59 kB │ gzip:   0.36 kB
dist/assets/image-off-Cmo29zZV.js                     0.64 kB │ gzip:   0.40 kB
dist/assets/cpu-Cvo-LumT.js                           0.67 kB │ gzip:   0.36 kB
dist/assets/wind-BArc1dOS.js                          0.82 kB │ gzip:   0.40 kB
dist/assets/Footer-CMCstupX.js                        0.94 kB │ gzip:   0.46 kB
dist/assets/adapters-DN7AofmS.js                      1.32 kB │ gzip:   0.56 kB
dist/assets/reportApi-BoP55T15.js                     1.73 kB │ gzip:   0.69 kB
dist/assets/user-check-Bexl1UqQ.js                    1.92 kB │ gzip:   0.67 kB
dist/assets/adminApi-Bb45QsmA.js                      2.05 kB │ gzip:   1.05 kB
dist/assets/MobileBottomNav-Mju3nKko.js               2.22 kB │ gzip:   0.99 kB
dist/assets/ErrorCard-AW-VgmFu.js                     2.93 kB │ gzip:   1.26 kB
dist/assets/incidentApi-B2-iLfQK.js                   3.42 kB │ gzip:   0.82 kB
dist/assets/presentation-DxrS4Vkw.js                  5.40 kB │ gzip:   1.69 kB
dist/assets/MyReportsPage-BVklj_CQ.js                 7.43 kB │ gzip:   2.21 kB
dist/assets/NationalMapPage-CGu_e4eH.js               8.02 kB │ gzip:   2.63 kB
dist/assets/AdminAuditLogPage-CmFxPpYW.js             8.10 kB │ gzip:   2.43 kB
dist/assets/SignupPage-CJ7JyCQQ.js                    8.42 kB │ gzip:   2.23 kB
dist/assets/LoginPage-Bmv9DjhR.js                    11.63 kB │ gzip:   3.27 kB
dist/assets/IncidentListPage-DYWa8_6w.js             15.57 kB │ gzip:   4.48 kB
dist/assets/HomePage-Bow3Q612.js                     20.37 kB │ gzip:   5.09 kB
dist/assets/Navbar-C_Aqg8LW.js                       22.11 kB │ gzip:   5.77 kB
dist/assets/LiveMapPage-DfAfLqkc.js                  22.21 kB │ gzip:   6.65 kB
dist/assets/TrackReportPage-Bi16gaUV.js              26.16 kB │ gzip:   6.60 kB
dist/assets/index-jd9AvZtm.js                        26.37 kB │ gzip:   9.85 kB
dist/assets/IncidentDetailPage-JosxmG3I.js           34.27 kB │ gzip:   7.85 kB
dist/assets/CitizenDashboardPage-DEKgVJQK.js         34.34 kB │ gzip:   9.52 kB
dist/assets/AnalyticsPage-0WH6PP2n.js                34.41 kB │ gzip:   8.46 kB
dist/assets/DashboardPage-CSFz0gcQ.js                39.13 kB │ gzip:   9.95 kB
dist/assets/AdminVerificationQueuePage-CvTa5SIc.js   45.32 kB │ gzip:  10.23 kB
dist/assets/i18n-2n7YG8rS.js                         51.23 kB │ gzip:  16.99 kB
dist/assets/CitizenReportPage-CmwMfm8C.js           111.31 kB │ gzip:  30.44 kB
dist/assets/leaflet-C45BipMn.js                     155.21 kB │ gzip:  45.35 kB
dist/assets/vendor-react-DRIze55x.js                202.02 kB │ gzip:  64.39 kB
dist/assets/recharts-JHQzr8Ab.js                    399.66 kB │ gzip: 108.40 kB
✓ built in 1.93s
