============================= test session starts ==============================
platform darwin -- Python 3.14.0, pytest-8.4.2, pluggy-1.6.0 -- /Users/akshatjain/Documents/SIH/back-end/.venv/bin/python3.14
cachedir: .pytest_cache
Using --randomly-seed=4256619831
rootdir: /Users/akshatjain/Documents/SIH/back-end
configfile: pyproject.toml
plugins: randomly-5.0.0, cov-4.1.0, anyio-4.14.2, asyncio-0.26.0
asyncio: mode=Mode.AUTO, asyncio_default_fixture_loop_scope=None, asyncio_default_test_loop_scope=function
collecting ... collected 9 items

tests/test_physical_corroboration_providers.py::TestPhysicalWeatherProvidersAndCache::test_open_meteo_empty_response PASSED [ 11%]
tests/test_physical_corroboration_providers.py::TestPhysicalWeatherProvidersAndCache::test_open_meteo_successful_parse PASSED [ 22%]
tests/test_physical_corroboration_providers.py::TestPhysicalWeatherProvidersAndCache::test_imd_station_slot_is_disabled PASSED [ 33%]
tests/test_physical_corroboration_providers.py::TestPhysicalWeatherProvidersAndCache::test_provider_timeout_fallback PASSED [ 44%]
tests/test_physical_corroboration_providers.py::TestPhysicalWeatherProvidersAndCache::test_open_meteo_429_rate_limited PASSED [ 55%]
tests/test_physical_corroboration_providers.py::TestPhysicalWeatherProvidersAndCache::test_single_flight_concurrent_deduplication PASSED [ 66%]
tests/test_physical_corroboration_providers.py::TestPhysicalWeatherProvidersAndCache::test_provider_exception_handling PASSED [ 77%]
tests/test_physical_corroboration_providers.py::TestPhysicalWeatherProvidersAndCache::test_cache_hit_and_expiration PASSED [ 88%]
tests/test_physical_corroboration_providers.py::TestPhysicalWeatherProvidersAndCache::test_open_meteo_malformed_json PASSED [100%]

=============================== warnings summary ===============================
tests/test_physical_corroboration_providers.py::TestPhysicalWeatherProvidersAndCache::test_open_meteo_empty_response
  /Users/akshatjain/Documents/SIH/back-end/.venv/lib/python3.14/site-packages/pytest_asyncio/plugin.py:1216: DeprecationWarning: 'asyncio.get_event_loop_policy' is deprecated and slated for removal in Python 3.16
    return asyncio.get_event_loop_policy()

tests/test_physical_corroboration_providers.py: 10 warnings
  /Users/akshatjain/Documents/SIH/back-end/.venv/lib/python3.14/site-packages/pytest_asyncio/plugin.py:772: DeprecationWarning: 'asyncio.get_event_loop_policy' is deprecated and slated for removal in Python 3.16
    old_loop_policy = asyncio.get_event_loop_policy()

tests/test_physical_corroboration_providers.py: 10 warnings
  /Users/akshatjain/Documents/SIH/back-end/.venv/lib/python3.14/site-packages/pytest_asyncio/plugin.py:777: DeprecationWarning: 'asyncio.set_event_loop_policy' is deprecated and slated for removal in Python 3.16
    asyncio.set_event_loop_policy(policy)

tests/test_physical_corroboration_providers.py: 10 warnings
  /Users/akshatjain/Documents/SIH/back-end/.venv/lib/python3.14/site-packages/pytest_asyncio/plugin.py:1183: DeprecationWarning: 'asyncio.get_event_loop_policy' is deprecated and slated for removal in Python 3.16
    loop = asyncio.get_event_loop_policy().new_event_loop()

tests/test_physical_corroboration_providers.py::TestPhysicalWeatherProvidersAndCache::test_open_meteo_empty_response
tests/test_physical_corroboration_providers.py::TestPhysicalWeatherProvidersAndCache::test_open_meteo_successful_parse
tests/test_physical_corroboration_providers.py::TestPhysicalWeatherProvidersAndCache::test_imd_station_slot_is_disabled
tests/test_physical_corroboration_providers.py::TestPhysicalWeatherProvidersAndCache::test_provider_timeout_fallback
tests/test_physical_corroboration_providers.py::TestPhysicalWeatherProvidersAndCache::test_open_meteo_429_rate_limited
tests/test_physical_corroboration_providers.py::TestPhysicalWeatherProvidersAndCache::test_single_flight_concurrent_deduplication
tests/test_physical_corroboration_providers.py::TestPhysicalWeatherProvidersAndCache::test_provider_exception_handling
tests/test_physical_corroboration_providers.py::TestPhysicalWeatherProvidersAndCache::test_cache_hit_and_expiration
tests/test_physical_corroboration_providers.py::TestPhysicalWeatherProvidersAndCache::test_open_meteo_malformed_json
  /Users/akshatjain/Documents/SIH/back-end/.venv/lib/python3.14/site-packages/pytest_asyncio/plugin.py:874: DeprecationWarning: 'asyncio.get_event_loop_policy' is deprecated and slated for removal in Python 3.16
    _restore_event_loop_policy(asyncio.get_event_loop_policy()),

tests/test_physical_corroboration_providers.py::TestPhysicalWeatherProvidersAndCache::test_open_meteo_empty_response
tests/test_physical_corroboration_providers.py::TestPhysicalWeatherProvidersAndCache::test_open_meteo_successful_parse
tests/test_physical_corroboration_providers.py::TestPhysicalWeatherProvidersAndCache::test_imd_station_slot_is_disabled
tests/test_physical_corroboration_providers.py::TestPhysicalWeatherProvidersAndCache::test_provider_timeout_fallback
tests/test_physical_corroboration_providers.py::TestPhysicalWeatherProvidersAndCache::test_open_meteo_429_rate_limited
tests/test_physical_corroboration_providers.py::TestPhysicalWeatherProvidersAndCache::test_single_flight_concurrent_deduplication
tests/test_physical_corroboration_providers.py::TestPhysicalWeatherProvidersAndCache::test_provider_exception_handling
tests/test_physical_corroboration_providers.py::TestPhysicalWeatherProvidersAndCache::test_cache_hit_and_expiration
tests/test_physical_corroboration_providers.py::TestPhysicalWeatherProvidersAndCache::test_open_meteo_malformed_json
  /Users/akshatjain/Documents/SIH/back-end/.venv/lib/python3.14/site-packages/pytest_asyncio/plugin.py:889: DeprecationWarning: 'asyncio.get_event_loop_policy' is deprecated and slated for removal in Python 3.16
    policy = asyncio.get_event_loop_policy()

tests/test_physical_corroboration_providers.py: 10 warnings
  /Users/akshatjain/Documents/SIH/back-end/.venv/lib/python3.14/site-packages/pytest_asyncio/plugin.py:794: DeprecationWarning: 'asyncio.set_event_loop_policy' is deprecated and slated for removal in Python 3.16
    asyncio.set_event_loop_policy(old_loop_policy)

tests/test_physical_corroboration_providers.py::TestPhysicalWeatherProvidersAndCache::test_open_meteo_empty_response
tests/test_physical_corroboration_providers.py::TestPhysicalWeatherProvidersAndCache::test_open_meteo_successful_parse
tests/test_physical_corroboration_providers.py::TestPhysicalWeatherProvidersAndCache::test_imd_station_slot_is_disabled
tests/test_physical_corroboration_providers.py::TestPhysicalWeatherProvidersAndCache::test_provider_timeout_fallback
tests/test_physical_corroboration_providers.py::TestPhysicalWeatherProvidersAndCache::test_open_meteo_429_rate_limited
tests/test_physical_corroboration_providers.py::TestPhysicalWeatherProvidersAndCache::test_single_flight_concurrent_deduplication
tests/test_physical_corroboration_providers.py::TestPhysicalWeatherProvidersAndCache::test_provider_exception_handling
tests/test_physical_corroboration_providers.py::TestPhysicalWeatherProvidersAndCache::test_cache_hit_and_expiration
tests/test_physical_corroboration_providers.py::TestPhysicalWeatherProvidersAndCache::test_open_meteo_malformed_json
  /Users/akshatjain/Documents/SIH/back-end/.venv/lib/python3.14/site-packages/pytest_asyncio/plugin.py:942: DeprecationWarning: 'asyncio.get_event_loop_policy' is deprecated and slated for removal in Python 3.16
    policy = asyncio.get_event_loop_policy()

tests/test_physical_corroboration_providers.py::TestPhysicalWeatherProvidersAndCache::test_open_meteo_empty_response
tests/test_physical_corroboration_providers.py::TestPhysicalWeatherProvidersAndCache::test_open_meteo_successful_parse
tests/test_physical_corroboration_providers.py::TestPhysicalWeatherProvidersAndCache::test_imd_station_slot_is_disabled
tests/test_physical_corroboration_providers.py::TestPhysicalWeatherProvidersAndCache::test_provider_timeout_fallback
tests/test_physical_corroboration_providers.py::TestPhysicalWeatherProvidersAndCache::test_open_meteo_429_rate_limited
tests/test_physical_corroboration_providers.py::TestPhysicalWeatherProvidersAndCache::test_single_flight_concurrent_deduplication
tests/test_physical_corroboration_providers.py::TestPhysicalWeatherProvidersAndCache::test_provider_exception_handling
tests/test_physical_corroboration_providers.py::TestPhysicalWeatherProvidersAndCache::test_cache_hit_and_expiration
tests/test_physical_corroboration_providers.py::TestPhysicalWeatherProvidersAndCache::test_open_meteo_malformed_json
  /Users/akshatjain/Documents/SIH/back-end/.venv/lib/python3.14/site-packages/pytest_asyncio/plugin.py:966: DeprecationWarning: 'asyncio.set_event_loop_policy' is deprecated and slated for removal in Python 3.16
    asyncio.set_event_loop_policy(previous_policy)

tests/test_physical_corroboration_providers.py::TestPhysicalWeatherProvidersAndCache::test_open_meteo_empty_response
tests/test_physical_corroboration_providers.py::TestPhysicalWeatherProvidersAndCache::test_open_meteo_successful_parse
tests/test_physical_corroboration_providers.py::TestPhysicalWeatherProvidersAndCache::test_imd_station_slot_is_disabled
tests/test_physical_corroboration_providers.py::TestPhysicalWeatherProvidersAndCache::test_provider_timeout_fallback
tests/test_physical_corroboration_providers.py::TestPhysicalWeatherProvidersAndCache::test_open_meteo_429_rate_limited
tests/test_physical_corroboration_providers.py::TestPhysicalWeatherProvidersAndCache::test_single_flight_concurrent_deduplication
tests/test_physical_corroboration_providers.py::TestPhysicalWeatherProvidersAndCache::test_provider_exception_handling
tests/test_physical_corroboration_providers.py::TestPhysicalWeatherProvidersAndCache::test_cache_hit_and_expiration
tests/test_physical_corroboration_providers.py::TestPhysicalWeatherProvidersAndCache::test_open_meteo_malformed_json
  /Users/akshatjain/Documents/SIH/back-end/.venv/lib/python3.14/site-packages/pytest_asyncio/plugin.py:978: DeprecationWarning: 'asyncio.get_event_loop_policy' is deprecated and slated for removal in Python 3.16
    policy = asyncio.get_event_loop_policy()

-- Docs: https://docs.pytest.org/en/stable/how-to/capture-warnings.html
======================== 9 passed, 86 warnings in 1.79s ========================
