
> weather-platform-frontend@0.1.0 typecheck
> tsc --noEmit


> weather-platform-frontend@0.1.0 test
> vitest run


 RUN  v1.6.1 /Users/akshatjain/Documents/SIH/front-end

 ✓ src/tests/analyticsCardsMigration.test.ts  (13 tests) 4ms
 ✓ src/tests/incidentIntelligence.test.ts  (40 tests) 11ms
 ✓ src/tests/triageCacheInvalidation.test.ts  (10 tests) 8ms
 ✓ src/tests/dashboardMigration.test.ts  (19 tests) 18ms
 ✓ src/tests/realtimeIntegration.test.ts  (7 tests) 5ms
 ✓ src/tests/dashboardAnalyticsApi.test.ts  (9 tests) 5ms
 ✓ src/tests/realtimeService.test.ts  (17 tests) 19ms
 ✓ src/tests/apiClient.test.ts  (31 tests) 7ms
 ✓ src/tests/liveMapGeoMigration.test.ts  (3 tests) 11ms
 ✓ src/tests/dashboardGeoMigration.test.ts  (5 tests) 6ms
 ✓ src/tests/locationWiring.test.ts  (6 tests) 6ms
 ✓ src/tests/analyticsMigration.test.ts  (6 tests) 4ms
 ✓ src/tests/demoData.test.ts  (3 tests) 2ms
 ✓ src/tests/realtimeDebounce.test.ts  (3 tests) 9ms
stderr | src/tests/loginRedirect.test.tsx > LoginPage authenticated redirects > redirects an authenticated ADMIN user to /dashboard
⚠️ React Router Future Flag Warning: React Router will begin wrapping state updates in `React.startTransition` in v7. You can use the `v7_startTransition` future flag to opt-in early. For more information, see https://reactrouter.com/v6/upgrading/future#v7_starttransition.
⚠️ React Router Future Flag Warning: Relative route resolution within Splat routes is changing in v7. You can use the `v7_relativeSplatPath` future flag to opt-in early. For more information, see https://reactrouter.com/v6/upgrading/future#v7_relativesplatpath.

 ✓ src/tests/loginRedirect.test.tsx  (4 tests) 43ms
 ✓ src/tests/physicalCorroborationCard.test.tsx  (5 tests) 36ms
stderr | src/tests/authGate.test.tsx > AuthGate root route > renders the login page when unauthenticated
⚠️ React Router Future Flag Warning: React Router will begin wrapping state updates in `React.startTransition` in v7. You can use the `v7_startTransition` future flag to opt-in early. For more information, see https://reactrouter.com/v6/upgrading/future#v7_starttransition.
⚠️ React Router Future Flag Warning: Relative route resolution within Splat routes is changing in v7. You can use the `v7_relativeSplatPath` future flag to opt-in early. For more information, see https://reactrouter.com/v6/upgrading/future#v7_relativesplatpath.

 ✓ src/tests/authGate.test.tsx  (4 tests) 48ms
stderr | src/tests/imageForensicsCard.test.tsx > ImageForensicsCard Component > renders CONSISTENT / SUPPORTS verdict with time gap, distance, and positive credibility
⚠️ React Router Future Flag Warning: React Router will begin wrapping state updates in `React.startTransition` in v7. You can use the `v7_startTransition` future flag to opt-in early. For more information, see https://reactrouter.com/v6/upgrading/future#v7_starttransition.
⚠️ React Router Future Flag Warning: Relative route resolution within Splat routes is changing in v7. You can use the `v7_relativeSplatPath` future flag to opt-in early. For more information, see https://reactrouter.com/v6/upgrading/future#v7_relativesplatpath.

 ✓ src/tests/imageForensicsCard.test.tsx  (5 tests) 83ms

 Test Files  18 passed (18)
      Tests  190 passed (190)
   Start at  03:40:31
   Duration  1.18s (transform 668ms, setup 2ms, collect 1.65s, tests 325ms, environment 2.00s, prepare 1.11s)


> weather-platform-frontend@0.1.0 lint
> eslint . --ext ts,tsx --report-unused-disable-directives --max-warnings 0


> weather-platform-frontend@0.1.0 build
> tsc && vite build

vite v5.4.21 building for production...
transforming...
✓ 2522 modules transformed.
rendering chunks...
computing gzip size...
dist/index.html                                       0.91 kB │ gzip:   0.49 kB
dist/assets/index-Dk5z81Rc.css                       71.71 kB │ gzip:  16.62 kB
dist/assets/filter-Bmem6QiD.js                        0.33 kB │ gzip:   0.27 kB
dist/assets/arrow-right-CD_2ZtTJ.js                   0.33 kB │ gzip:   0.27 kB
dist/assets/arrow-left-JsPFE75D.js                    0.33 kB │ gzip:   0.27 kB
dist/assets/circle-check-DcfEmUw3.js                  0.34 kB │ gzip:   0.27 kB
dist/assets/clock-C5CGSgTL.js                         0.35 kB │ gzip:   0.28 kB
dist/assets/info-CW3I26JH.js                          0.37 kB │ gzip:   0.28 kB
dist/assets/circle-plus-D4sC5oq8.js                   0.37 kB │ gzip:   0.28 kB
dist/assets/circle-x-BcFOxu1r.js                      0.37 kB │ gzip:   0.28 kB
dist/assets/trending-up-PEgY2X0_.js                   0.37 kB │ gzip:   0.29 kB
dist/assets/compass--6HNjHk0.js                       0.39 kB │ gzip:   0.30 kB
dist/assets/copy-B3cxwadv.js                          0.40 kB │ gzip:   0.31 kB
dist/assets/circle-help-C7UC6q-B.js                   0.40 kB │ gzip:   0.31 kB
dist/assets/camera-CDVD10bg.js                        0.42 kB │ gzip:   0.31 kB
dist/assets/circle-alert-DzYR0gIZ.js                  0.42 kB │ gzip:   0.29 kB
dist/assets/external-link-CPBhA6cG.js                 0.42 kB │ gzip:   0.30 kB
dist/assets/triangle-alert-BrZmyg1l.js                0.43 kB │ gzip:   0.32 kB
dist/assets/file-video-Dm0i1gNN.js                    0.44 kB │ gzip:   0.31 kB
dist/assets/refresh-cw-BvVdSH6K.js                    0.49 kB │ gzip:   0.33 kB
dist/assets/shield-alert-B7Qqaohz.js                  0.52 kB │ gzip:   0.37 kB
dist/assets/layers-C2JemDDR.js                        0.53 kB │ gzip:   0.34 kB
dist/assets/radio-CzGnn1Au.js                         0.53 kB │ gzip:   0.36 kB
dist/assets/dashboardApi-DDesdAlm.js                  0.54 kB │ gzip:   0.31 kB
dist/assets/droplets-R1lfVI7U.js                      0.54 kB │ gzip:   0.39 kB
dist/assets/chevron-right-uqPJe9pA.js                 0.55 kB │ gzip:   0.28 kB
dist/assets/routeApi-D1LpuZvR.js                      0.55 kB │ gzip:   0.35 kB
dist/assets/sparkles-CaZ0Bavz.js                      0.59 kB │ gzip:   0.36 kB
dist/assets/image-off-bqteE5U0.js                     0.64 kB │ gzip:   0.40 kB
dist/assets/cpu-B7qy0yWW.js                           0.67 kB │ gzip:   0.36 kB
dist/assets/wind-RKwUmvv7.js                          0.82 kB │ gzip:   0.40 kB
dist/assets/Footer-CMCstupX.js                        0.94 kB │ gzip:   0.46 kB
dist/assets/adapters-BQQGd5jy.js                      1.32 kB │ gzip:   0.56 kB
dist/assets/reportApi-7eoK3wZU.js                     1.73 kB │ gzip:   0.69 kB
dist/assets/user-check-IEpdYgqx.js                    1.92 kB │ gzip:   0.67 kB
dist/assets/adminApi-DSr-8bxs.js                      2.05 kB │ gzip:   1.05 kB
dist/assets/MobileBottomNav-C1UHpePb.js               2.22 kB │ gzip:   0.99 kB
dist/assets/ErrorCard-D616h10M.js                     2.93 kB │ gzip:   1.26 kB
dist/assets/incidentApi-BtmP7LXH.js                   3.42 kB │ gzip:   0.82 kB
dist/assets/presentation-DxrS4Vkw.js                  5.40 kB │ gzip:   1.69 kB
dist/assets/MyReportsPage-BX0cmC95.js                 7.43 kB │ gzip:   2.21 kB
dist/assets/NationalMapPage-DsJ5P65k.js               8.02 kB │ gzip:   2.63 kB
dist/assets/AdminAuditLogPage-DNbNt9ei.js             8.10 kB │ gzip:   2.43 kB
dist/assets/SignupPage-DAMJv4yq.js                    8.42 kB │ gzip:   2.23 kB
dist/assets/LoginPage-B8OTHfE7.js                    11.63 kB │ gzip:   3.27 kB
dist/assets/IncidentListPage-DKYNCPzD.js             15.57 kB │ gzip:   4.48 kB
dist/assets/HomePage-BzU0iBCd.js                     20.37 kB │ gzip:   5.09 kB
dist/assets/Navbar-ZOFzIcwY.js                       22.11 kB │ gzip:   5.77 kB
dist/assets/LiveMapPage-DVOZN2T7.js                  22.21 kB │ gzip:   6.66 kB
dist/assets/TrackReportPage-jacfq9ew.js              26.16 kB │ gzip:   6.60 kB
dist/assets/index-Ddv0Dmp7.js                        28.12 kB │ gzip:  10.56 kB
dist/assets/CitizenDashboardPage-DAByZQfu.js         34.34 kB │ gzip:   9.52 kB
dist/assets/AnalyticsPage-DbtWFk1h.js                34.41 kB │ gzip:   8.46 kB
dist/assets/DashboardPage-DBGQnxry.js                39.13 kB │ gzip:   9.95 kB
dist/assets/IncidentDetailPage-BZMOvy6X.js           41.79 kB │ gzip:   9.15 kB
dist/assets/AdminVerificationQueuePage-BrAVXqgJ.js   45.32 kB │ gzip:  10.23 kB
dist/assets/i18n-2n7YG8rS.js                         51.23 kB │ gzip:  16.99 kB
dist/assets/CitizenReportPage---662fRh.js           110.99 kB │ gzip:  30.37 kB
dist/assets/leaflet-C45BipMn.js                     155.21 kB │ gzip:  45.35 kB
dist/assets/vendor-react-DRIze55x.js                202.02 kB │ gzip:  64.39 kB
dist/assets/recharts-JHQzr8Ab.js                    399.66 kB │ gzip: 108.40 kB
✓ built in 1.95s
